// Jest Snapshot v1, https://goo.gl/fbAQLP

exports[`<Status /> should render correctly 1`] = `
<div>
  <div>
    <div
      class="typography__main"
    >
      <h1
        class="typography__text typography__text--section page-title__section"
        id="status"
      >
        Status
      </h1>
      <img
        alt="Build status"
        class="style__component"
        src="GITHUB_REPO_URL/workflows/CI/badge.svg"
      />
      <br />
      <img
        alt="Dependency status"
        class="style__component"
        src="https://img.shields.io/david/GITHUB_REPO"
      />
      <div
        class="typography__main pages__component"
      >
        <span
          class="paragraph"
        >
          Built 
          about 50 years ago
          <br />
          Started 
          about 50 years ago
        </span>
      </div>
      <div
        class="typography__main pages__component"
      >
        <span
          class="paragraph"
        >
          Environment 
          test-node-env
        </span>
      </div>
      <div
        class="typography__main pages__component"
      >
        <div
          class="typography__main debug-object__main"
        >
          <h1
            class="typography__text typography__text--section"
            id="app-config"
          >
            App config
          </h1>
          <div
            role="button"
            style="margin-left: 0rem;"
            tabindex="0"
          >
            ▶️ top-level:
          </div>
        </div>
      </div>
    </div>
  </div>
</div>
`;
