// Jest Snapshot v1, https://goo.gl/fbAQLP

exports[`loadAuthRequest Saga loadAuthenticator actions Should loadAuthRequest be failure 1`] = `
Object {
  "@@redux-saga/IO": true,
  "combinator": false,
  "payload": Object {
    "action": Object {
      "type": "app/authenticator/LOAD_AUTH/REQUEST",
    },
    "channel": undefined,
  },
  "type": "PUT",
}
`;

exports[`loadAuthRequest Saga loadAuthenticator actions Should loadAuthRequest be success 1`] = `
Object {
  "@@redux-saga/IO": true,
  "combinator": false,
  "payload": Object {
    "action": Object {
      "type": "app/authenticator/LOAD_AUTH/REQUEST",
    },
    "channel": undefined,
  },
  "type": "PUT",
}
`;
