// Jest Snapshot v1, https://goo.gl/fbAQLP

exports[`<LoggedInOnly /> Should render correctly 1`] = `
<div>
  <div
    class="sc-kDDrLX iNAFzC"
  >
    <h1
      class="sc-dkzDqf iBtyHU sc-evZas cCtlkt"
      id="logged-out"
    >
      Logged out
    </h1>
    <span
      class="sc-bczRLJ bhVmoO"
    >
      You need to be logged in to 
      view this content
      <br />
      <a
        class="sc-ftvSup cMmkUr"
        href="/sign-up"
      >
        Register here - it's quick and easy.
      </a>
      <br />
      <a
        class="sc-ftvSup cMmkUr"
        href="/login"
      >
        Already got an account? Log in here.
      </a>
    </span>
  </div>
</div>
`;

exports[`<LoggedInOnly /> Should render correctly with user 1`] = `
<div>
  Test
</div>
`;
