// Jest Snapshot v1, https://goo.gl/fbAQLP

exports[`<LoggedOutOnly /> Should render correctly 1`] = `
<div>
  Test
</div>
`;

exports[`<LoggedOutOnly /> Should render correctly with user 1`] = `
<div>
  <div
    class="sc-kDvujY jcGnlL"
  >
    <h1
      class="sc-dkrFOg dYiSba sc-eDWCr wULAC"
      id="you're-logged-in"
    >
      You're logged in
    </h1>
    <span
      class="sc-bcXHqe huaqIH"
    >
      <a
        class="sc-ftTHYK dpmGDG"
        href="/account"
      >
        Go to your account.
      </a>
    </span>
  </div>
</div>
`;
