// Jest Snapshot v1, https://goo.gl/fbAQLP

exports[`EmailVerification saga account actions Should call loadAuth.trigger on successful API call 1`] = `
{
  "@@redux-saga/IO": true,
  "combinator": false,
  "payload": {
    "args": [],
    "selector": [Function],
  },
  "type": "SELECT",
}
`;

exports[`EmailVerification saga account actions Should call verify.failure if API returns error 1`] = `
{
  "@@redux-saga/IO": true,
  "combinator": false,
  "payload": {
    "args": [],
    "selector": [Function],
  },
  "type": "SELECT",
}
`;

exports[`EmailVerification saga account actions Should call verify.failure if an exception occurs 1`] = `
{
  "@@redux-saga/IO": true,
  "combinator": false,
  "payload": {
    "args": [],
    "selector": [Function],
  },
  "type": "SELECT",
}
`;

exports[`EmailVerification saga account actions Should call verify.success on successful API call 1`] = `
{
  "@@redux-saga/IO": true,
  "combinator": false,
  "payload": {
    "args": [],
    "selector": [Function],
  },
  "type": "SELECT",
}
`;
