// Jest Snapshot v1, https://goo.gl/fbAQLP

exports[`<HomePage /> should render correctly 1`] = `
<div>
  <main>
    <div
      style="background: black;"
    >
      <div
        class="css-1hvjfqy-Container e1vuap0q0"
        id="exampleGetApi"
      >
        <button
          class="button__outer button__outer--regular button__outer--no-bouncy button__outer--large"
          type="button"
        >
          Get showcases
        </button>
        <div
          class="css-1bqe7xb-ShowcasesRow e1vuap0q1"
        />
      </div>
    </div>
  </main>
  <footer
    class="footer__container"
    id="footer"
  >
    <div
      class="logo__container footer__logo logo__container--centered logo__container--no-padding"
    >
      <a
        href="/"
      >
        <h1
          aria-label="Home page"
          class="logo__heading logo__heading--no-padding"
          role="button"
        >
          LOGO
        </h1>
      </a>
    </div>
    <div
      class="footer__tech"
    >
      <div
        class="typography__main typography--light typography--no-padding tech-specs__container"
      >
        Built in
        <a
          href="https://reactjs.org/"
          rel="noopener noreferrer"
          target="_blank"
        >
          <img
            alt="React"
            class="tech-specs__icon tech-specs__icon--light-inverted"
            height="5"
            src="IMAGE_MOCK"
            width="5"
          />
        </a>
        and
        <a
          href="https://redux.js.org/"
          rel="noopener noreferrer"
          target="_blank"
        >
          <img
            alt="Redux"
            class="tech-specs__icon tech-specs__icon--light-inverted"
            height="5"
            src="IMAGE_MOCK"
            width="5"
          />
        </a>
        Hosted on
        <a
          href="https://aws.amazon.com/"
          rel="noopener noreferrer"
          target="_blank"
        >
          <img
            alt="Amazon Web Services"
            class="tech-specs__icon tech-specs__icon--light-inverted"
            height="5"
            src="IMAGE_MOCK"
            style="margin-top: .8rem; max-width: 2.9rem;"
            width="8.28"
          />
        </a>
      </div>
    </div>
  </footer>
</div>
`;
