// Jest Snapshot v1, https://goo.gl/fbAQLP

exports[`<Login /> should render correctly - index 1`] = `
<div>
  <div
    class="loading-cover__outer-container"
  >
    <div
      class="loading-cover__overlay"
    >
      <div
        class=""
      >
        <div
          class="skeleton__outer skeleton__section"
        >
          <div
            class="skeleton__shimmer"
            style="margin-left: -0px;"
          />
        </div>
        <div
          class="skeleton__outer skeleton__input"
        >
          <div
            class="skeleton__shimmer"
            style="margin-left: -0px;"
          />
        </div>
        <div
          class="skeleton__outer skeleton__checkbox"
        >
          <div
            class="skeleton__shimmer"
            style="margin-left: -0px;"
          />
        </div>
        <div
          class="skeleton__outer skeleton__button"
        >
          <div
            class="skeleton__shimmer"
            style="margin-left: -0px;"
          />
        </div>
      </div>
    </div>
  </div>
</div>
`;

exports[`<Login /> should render correctly with initial state 1`] = `
<div>
  <div
    class="loading-cover__outer-container"
  >
    <div
      class="loading-cover__overlay"
    >
      <div
        class=""
      >
        <div
          class="skeleton__outer skeleton__section"
        >
          <div
            class="skeleton__shimmer"
            style="margin-left: -0px;"
          />
        </div>
        <div
          class="skeleton__outer skeleton__input"
        >
          <div
            class="skeleton__shimmer"
            style="margin-left: -0px;"
          />
        </div>
        <div
          class="skeleton__outer skeleton__checkbox"
        >
          <div
            class="skeleton__shimmer"
            style="margin-left: -0px;"
          />
        </div>
        <div
          class="skeleton__outer skeleton__button"
        >
          <div
            class="skeleton__shimmer"
            style="margin-left: -0px;"
          />
        </div>
      </div>
    </div>
  </div>
</div>
`;

exports[`<Login /> should render correctly with loggingIn=true 1`] = `
<div>
  <div
    class="loading-cover__outer-container"
  >
    <div
      class="loading-cover__overlay"
    >
      <div
        class=""
      >
        <div
          class="skeleton__outer skeleton__section"
        >
          <div
            class="skeleton__shimmer"
            style="margin-left: -0px;"
          />
        </div>
        <div
          class="skeleton__outer skeleton__input"
        >
          <div
            class="skeleton__shimmer"
            style="margin-left: -0px;"
          />
        </div>
        <div
          class="skeleton__outer skeleton__checkbox"
        >
          <div
            class="skeleton__shimmer"
            style="margin-left: -0px;"
          />
        </div>
        <div
          class="skeleton__outer skeleton__button"
        >
          <div
            class="skeleton__shimmer"
            style="margin-left: -0px;"
          />
        </div>
      </div>
    </div>
  </div>
</div>
`;

exports[`<Login /> should render correctly with loginError 1`] = `
<div>
  <div
    class="loading-cover__outer-container"
  >
    <div
      class="loading-cover__overlay"
    >
      <div
        class=""
      >
        <div
          class="skeleton__outer skeleton__section"
        >
          <div
            class="skeleton__shimmer"
            style="margin-left: -0px;"
          />
        </div>
        <div
          class="skeleton__outer skeleton__input"
        >
          <div
            class="skeleton__shimmer"
            style="margin-left: -0px;"
          />
        </div>
        <div
          class="skeleton__outer skeleton__checkbox"
        >
          <div
            class="skeleton__shimmer"
            style="margin-left: -0px;"
          />
        </div>
        <div
          class="skeleton__outer skeleton__button"
        >
          <div
            class="skeleton__shimmer"
            style="margin-left: -0px;"
          />
        </div>
      </div>
    </div>
  </div>
</div>
`;

exports[`<Login /> should render correctly with loginResult 1`] = `
<div>
  <div
    class="loading-cover__outer-container"
  >
    <div
      class="loading-cover__overlay"
    >
      <div
        class=""
      >
        <div
          class="skeleton__outer skeleton__section"
        >
          <div
            class="skeleton__shimmer"
            style="margin-left: -0px;"
          />
        </div>
        <div
          class="skeleton__outer skeleton__input"
        >
          <div
            class="skeleton__shimmer"
            style="margin-left: -0px;"
          />
        </div>
        <div
          class="skeleton__outer skeleton__checkbox"
        >
          <div
            class="skeleton__shimmer"
            style="margin-left: -0px;"
          />
        </div>
        <div
          class="skeleton__outer skeleton__button"
        >
          <div
            class="skeleton__shimmer"
            style="margin-left: -0px;"
          />
        </div>
      </div>
    </div>
  </div>
</div>
`;

exports[`<Login /> should render correctly with user 1`] = `
<div>
  <div
    class=""
  >
    <div
      class="typography__main"
    >
      <h1
        class="typography__text typography__text--section"
        id="you're-logged-in"
      >
        You're logged in
      </h1>
      <a
        class="typography__main typography__link typography__link--text-link typography--no-padding typography--inline"
        href="/account"
      >
        Go to your account.
      </a>
    </div>
  </div>
</div>
`;
