// Jest Snapshot v1, https://goo.gl/fbAQLP

exports[`<AppWrapper /> Should render correctly 1`] = `
.c0 {
  display: -webkit-box;
  display: -webkit-flex;
  display: -ms-flexbox;
  display: flex;
  min-height: 100vh;
  -webkit-flex-direction: column;
  -ms-flex-direction: column;
  flex-direction: column;
}

<div>
  <div
    class="c0"
  >
    <div>
      some text
    </div>
  </div>
</div>
`;
