// Jest Snapshot v1, https://goo.gl/fbAQLP

exports[`Sign up saga signUp actions Should call signUp.failure if API returns error 1`] = `
{
  "@@redux-saga/IO": true,
  "combinator": false,
  "payload": {
    "args": [],
    "selector": [Function],
  },
  "type": "SELECT",
}
`;

exports[`Sign up saga signUp actions Should call signUp.failure if an exception occurs 1`] = `
{
  "@@redux-saga/IO": true,
  "combinator": false,
  "payload": {
    "args": [],
    "selector": [Function],
  },
  "type": "SELECT",
}
`;

exports[`Sign up saga signUp actions Should call signUp.success on successful API call 1`] = `
{
  "@@redux-saga/IO": true,
  "combinator": false,
  "payload": {
    "args": [],
    "selector": [Function],
  },
  "type": "SELECT",
}
`;
