// Jest Snapshot v1, https://goo.gl/fbAQLP

exports[`<AdminOnly /> Should render correctly 1`] = `
<div>
  <div
    class="typography__main"
  >
    <h1
      class="typography__text typography__text--section"
      id="admin-only"
    >
      Admin only
    </h1>
    <span
      class="typography__main typography__paragraph"
    >
      You need to be logged in with an admin account to view this content.
      <br />
      <a
        class="typography__main typography__link typography__link--text-link typography--no-padding typography--inline"
        href="/login"
      >
        Got a different admin account? Log in here.
      </a>
    </span>
  </div>
</div>
`;

exports[`<AdminOnly /> Should render correctly with admin user 1`] = `
<div>
  Test
</div>
`;

exports[`<AdminOnly /> Should render correctly with user 1`] = `
<div>
  <div
    class="typography__main"
  >
    <h1
      class="typography__text typography__text--section"
      id="admin-only"
    >
      Admin only
    </h1>
    <span
      class="typography__main typography__paragraph"
    >
      You need to be logged in with an admin account to view this content.
      <br />
      <a
        class="typography__main typography__link typography__link--text-link typography--no-padding typography--inline"
        href="/login"
      >
        Got a different admin account? Log in here.
      </a>
    </span>
  </div>
</div>
`;
