// Jest Snapshot v1, https://goo.gl/fbAQLP

exports[`<CreateNotificationForm /> Should render correctly 1`] = `
.c7 {
  position: relative;
  min-width: 5rem;
  padding: 0.43rem 1.125rem 0.32rem 1.125rem;
  -webkit-transition: filter 0.3s;
  transition: filter 0.3s;
  border: none;
  border-radius: 0.25rem;
  font-size: 1.4rem;
  font-weight: bold;
  cursor: pointer;
  -webkit-text-decoration-color: transparent;
  text-decoration-color: transparent;
  -webkit-text-decoration-line: none;
  text-decoration-line: none;
  background-color: #0067B7;
  color: white;
}

.c7:focus-within,
.c7:focus {
  outline: none !important;
}

.c7:focus-within::after,
.c7:focus::after {
  position: absolute;
  top: -0.35rem;
  right: -0.35rem;
  bottom: -0.35rem;
  left: -0.35rem;
  content: '';
  display: block;
  border: solid #007dfa3C 0.2rem;
  border-radius: 0.5rem;
  pointer-events: none;
}

.c7:focus,
.c7:hover {
  background-color: #004F8C;
  color: white;
}

.c7:active {
  background-color: #003E6F;
  color: white;
}

.c7:disabled {
  background-color: #cdcdd7;
  color: #646464;
}

.c9 {
  display: -webkit-box;
  display: -webkit-flex;
  display: -ms-flexbox;
  display: flex;
  -webkit-box-pack: center;
  -webkit-justify-content: center;
  -ms-flex-pack: center;
  justify-content: center;
}

.c4 {
  width: 1.25rem;
  height: 1.25rem;
}

.c1 {
  display: -webkit-box;
  display: -webkit-flex;
  display: -ms-flexbox;
  display: flex;
  -webkit-align-items: center;
  -webkit-box-align: center;
  -ms-flex-align: center;
  align-items: center;
  border: 1px #b2b2bf solid;
  border-radius: 0.25rem;
  background-color: #ffffff;
}

.c1:focus-within,
.c1:focus {
  position: relative;
  outline: none !important;
}

.c1:focus-within::after,
.c1:focus::after {
  position: absolute;
  top: -0.35rem;
  right: -0.35rem;
  bottom: -0.35rem;
  left: -0.35rem;
  content: '';
  display: block;
  border: solid #007dfa3C 0.2rem;
  border-radius: 0.5rem;
  pointer-events: none;
}

.c8 {
  margin-bottom: 1rem;
  margin-top: 1rem;
}

.c2 {
  margin-bottom: 1rem;
  width: 100%;
  box-sizing: border-box;
}

.c6 {
  margin-bottom: 1rem;
}

.c0 {
  display: inline-block;
  width: 100%;
  margin: 0 0 0.375rem 0.1rem;
  color: #1e1e1e;
  font-size: 1rem;
  font-weight: bold;
}

.c3 {
  padding: 0.375rem 0.75rem;
  -webkit-box-flex: 1;
  -webkit-flex-grow: 1;
  -ms-flex-positive: 1;
  flex-grow: 1;
  border: none;
  outline: none;
  background-color: transparent;
  color: #1e1e1e;
  font-size: 1rem;
}

.c3:disabled {
  color: #b2b2bf;
}

.c5 {
  margin-right: 0.5rem;
  color: #00a698;
  fill: #00a698;
}

@media (prefers-color-scheme:dark) {
  .c7:focus-within::after,
  .c7:focus::after {
    border-color: #007dfa3C;
  }
}

@media (prefers-color-scheme:dark) {
  .c7 {
    background-color: #025CA2;
    color: white;
  }
}

@media (prefers-color-scheme:dark) {
  .c7:focus,
  .c7:hover {
    background-color: #004479;
    color: white;
  }
}

@media (prefers-color-scheme:dark) {
  .c7:active {
    background-color: #003965;
    color: white;
  }
}

@media (prefers-color-scheme:dark) {
  .c7:disabled {
    background-color: #595959;
    color: #a9a9a9;
  }
}

@media (prefers-color-scheme:dark) {
  .c1:focus-within::after,
  .c1:focus::after {
    border-color: #007dfa3C;
  }
}

@media (prefers-color-scheme:dark) {
  .c1 {
    border-color: white;
    background-color: #000000;
  }
}

@media (prefers-color-scheme:dark) {
  .c0 {
    color: #ffffff;
  }
}

@media (prefers-color-scheme:dark) {
  .c3 {
    color: #ffffff;
  }
}

@media (prefers-color-scheme:dark) {
  .c3:disabled {
    color: #7b7b86;
  }
}

<div>
  <div
    class=""
  >
    <label
      class="c0"
      for="message_FORM_ID"
    >
      Message
    </label>
    <div
      class="c1 c2"
      placeholder="Message"
    >
      <input
        aria-disabled="false"
        aria-invalid="false"
        class="c3"
        id="message_FORM_ID"
        name="Message"
        value=""
      />
      <svg
        class="c4 c5"
        height="18"
        viewBox="0 0 24 24"
        width="18"
        xmlns="http://www.w3.org/2000/svg"
      >
        <path
          d="M9.4 20c-.5 0-.9-.2-1.3-.5l-5.8-5.1c-.4-.4-.5-1-.1-1.4l1.3-1.5c.4-.4 1-.5 1.4-.1l4 3.5c.2.1.4.1.6 0l9.2-10.5c.4-.4 1-.5 1.4-.1l1.5 1.3c.4.4.5 1 .1 1.4L10.9 19.3c-.4.5-.9.7-1.5.7z"
        />
      </svg>
    </div>
    <label
      class="c0"
      for="type_FORM_ID"
    >
      Type
    </label>
    <div
      class="c6"
      placeholder="Type"
    >
      <div
        class="c1"
      >
        <select
          aria-disabled="false"
          aria-invalid="false"
          class="c3"
          id="type_FORM_ID"
          name="Type"
        >
          <option
            value="success"
          >
            Success (green)
          </option>
          <option
            value="warn"
          >
            Warning (orange)
          </option>
          <option
            value="error"
          >
            Error (red)
          </option>
        </select>
        <svg
          class="c4 c5"
          height="18"
          viewBox="0 0 24 24"
          width="18"
          xmlns="http://www.w3.org/2000/svg"
        >
          <path
            d="M9.4 20c-.5 0-.9-.2-1.3-.5l-5.8-5.1c-.4-.4-.5-1-.1-1.4l1.3-1.5c.4-.4 1-.5 1.4-.1l4 3.5c.2.1.4.1.6 0l9.2-10.5c.4-.4 1-.5 1.4-.1l1.5 1.3c.4.4.5 1 .1 1.4L10.9 19.3c-.4.5-.9.7-1.5.7z"
          />
        </svg>
      </div>
    </div>
    <button
      class="c7 c8"
      type="button"
    >
      <span
        class="c9"
      >
        Create notification
      </span>
    </button>
  </div>
</div>
`;
