// Jest Snapshot v1, https://goo.gl/fbAQLP

exports[`<NavigationItem /> Should render correctly 1`] = `
.c0 {
  position: relative;
  width: 100%;
  height: 100%;
  border-radius: 0.35rem;
  overflow: hidden;
}

.c1 {
  position: absolute;
  top: 0;
  left: 0;
  z-index: -1;
  width: calc(100% + 2rem);
  height: calc(100% + 2rem);
  margin-top: -1rem;
  margin-left: -1rem;
  background-color: white;
  background-position: center;
  background-size: cover;
}

.c2 {
  padding: 2rem;
}

.c3 {
  display: -webkit-box;
  display: -webkit-flex;
  display: -ms-flexbox;
  display: flex;
  width: 100%;
  height: 100%;
  -webkit-flex-direction: column;
  -ms-flex-direction: column;
  flex-direction: column;
  -webkit-align-items: center;
  -webkit-box-align: center;
  -ms-flex-align: center;
  align-items: center;
  box-sizing: border-box;
}

.c4 {
  position: relative;
  z-index: 3;
  border-radius: 0.35rem;
  overflow: hidden;
  box-sizing: border-box;
  width: 6.5rem;
  -webkit-align-items: center;
  -webkit-box-align: center;
  -ms-flex-align: center;
  align-items: center;
  text-align: center;
}

.c5 {
  display: -webkit-box;
  display: -webkit-flex;
  display: -ms-flexbox;
  display: flex;
  z-index: 3;
  min-width: 100%;
  -webkit-flex-direction: column;
  -ms-flex-direction: column;
  flex-direction: column;
  -webkit-box-pack: space-around;
  -webkit-justify-content: space-around;
  -ms-flex-pack: space-around;
  justify-content: space-around;
  -webkit-flex: 1;
  -ms-flex: 1;
  flex: 1;
  text-align: center;
}

.c6 {
  margin: 0;
  font-size: 2.2rem;
  font-weight: bold;
}

@media (prefers-color-scheme:dark) {
  .c1 {
    background-color: #1e1e1e;
  }
}

@media (prefers-color-scheme:dark) {

}

@media (prefers-color-scheme:dark) {

}

@media (min-width:32.25rem) {
  .c3 {
    -webkit-flex-direction: row;
    -ms-flex-direction: row;
    flex-direction: row;
    -webkit-flex-wrap: wrap;
    -ms-flex-wrap: wrap;
    flex-wrap: wrap;
  }
}

@media (min-width:32.25rem) {
  .c5 {
    min-width: 10rem;
    text-align: unset;
  }
}

@media (prefers-color-scheme:dark) {

}

@media (prefers-color-scheme:dark) {

}

<div>
  <div
    class="c0"
  >
    <div
      class="c1"
    />
    <div
      class="c2"
    >
      <div
        aria-hidden="true"
        class="c3"
      >
        <div
          class="c4 date container"
        />
        <div
          class="c5"
        >
          <h1
            class="c6"
          />
        </div>
      </div>
    </div>
  </div>
</div>
`;

exports[`<NavigationItem /> Should render correctly hrefExternal 1`] = `
.c0 {
  position: relative;
  width: 100%;
  height: 100%;
  border-radius: 0.35rem;
  overflow: hidden;
}

.c1 {
  position: absolute;
  top: 0;
  left: 0;
  z-index: -1;
  width: calc(100% + 2rem);
  height: calc(100% + 2rem);
  margin-top: -1rem;
  margin-left: -1rem;
  background-color: white;
  background-position: center;
  background-size: cover;
}

.c2 {
  padding: 2rem;
}

.c3 {
  display: -webkit-box;
  display: -webkit-flex;
  display: -ms-flexbox;
  display: flex;
  width: 100%;
  height: 100%;
  -webkit-flex-direction: column;
  -ms-flex-direction: column;
  flex-direction: column;
  -webkit-align-items: center;
  -webkit-box-align: center;
  -ms-flex-align: center;
  align-items: center;
  box-sizing: border-box;
}

.c4 {
  position: relative;
  z-index: 3;
  border-radius: 0.35rem;
  overflow: hidden;
  box-sizing: border-box;
  width: 6.5rem;
  -webkit-align-items: center;
  -webkit-box-align: center;
  -ms-flex-align: center;
  align-items: center;
  text-align: center;
}

.c5 {
  display: -webkit-box;
  display: -webkit-flex;
  display: -ms-flexbox;
  display: flex;
  z-index: 3;
  min-width: 100%;
  -webkit-flex-direction: column;
  -ms-flex-direction: column;
  flex-direction: column;
  -webkit-box-pack: space-around;
  -webkit-justify-content: space-around;
  -ms-flex-pack: space-around;
  justify-content: space-around;
  -webkit-flex: 1;
  -ms-flex: 1;
  flex: 1;
  text-align: center;
}

.c6 {
  margin: 0;
  font-size: 2.2rem;
  font-weight: bold;
}

@media (prefers-color-scheme:dark) {
  .c1 {
    background-color: #1e1e1e;
  }
}

@media (prefers-color-scheme:dark) {

}

@media (prefers-color-scheme:dark) {

}

@media (min-width:32.25rem) {
  .c3 {
    -webkit-flex-direction: row;
    -ms-flex-direction: row;
    flex-direction: row;
    -webkit-flex-wrap: wrap;
    -ms-flex-wrap: wrap;
    flex-wrap: wrap;
  }
}

@media (min-width:32.25rem) {
  .c5 {
    min-width: 10rem;
    text-align: unset;
  }
}

@media (prefers-color-scheme:dark) {

}

@media (prefers-color-scheme:dark) {

}

<div>
  <div
    class="c0"
  >
    <div
      class="c1"
    />
    <div
      class="c2"
    >
      <div
        aria-hidden="true"
        class="c3"
      >
        <div
          class="c4 date container"
        />
        <div
          class="c5"
        >
          <h1
            class="c6"
          />
        </div>
      </div>
    </div>
  </div>
</div>
`;

exports[`<NavigationItem /> Should render correctly with custom className 1`] = `
.c0 {
  position: relative;
  width: 100%;
  height: 100%;
  border-radius: 0.35rem;
  overflow: hidden;
}

.c1 {
  position: absolute;
  top: 0;
  left: 0;
  z-index: -1;
  width: calc(100% + 2rem);
  height: calc(100% + 2rem);
  margin-top: -1rem;
  margin-left: -1rem;
  background-color: white;
  background-position: center;
  background-size: cover;
}

.c2 {
  padding: 2rem;
}

.c3 {
  display: -webkit-box;
  display: -webkit-flex;
  display: -ms-flexbox;
  display: flex;
  width: 100%;
  height: 100%;
  -webkit-flex-direction: column;
  -ms-flex-direction: column;
  flex-direction: column;
  -webkit-align-items: center;
  -webkit-box-align: center;
  -ms-flex-align: center;
  align-items: center;
  box-sizing: border-box;
}

.c4 {
  position: relative;
  z-index: 3;
  border-radius: 0.35rem;
  overflow: hidden;
  box-sizing: border-box;
  width: 6.5rem;
  -webkit-align-items: center;
  -webkit-box-align: center;
  -ms-flex-align: center;
  align-items: center;
  text-align: center;
}

.c5 {
  display: -webkit-box;
  display: -webkit-flex;
  display: -ms-flexbox;
  display: flex;
  z-index: 3;
  min-width: 100%;
  -webkit-flex-direction: column;
  -ms-flex-direction: column;
  flex-direction: column;
  -webkit-box-pack: space-around;
  -webkit-justify-content: space-around;
  -ms-flex-pack: space-around;
  justify-content: space-around;
  -webkit-flex: 1;
  -ms-flex: 1;
  flex: 1;
  text-align: center;
}

.c6 {
  margin: 0;
  font-size: 2.2rem;
  font-weight: bold;
}

@media (prefers-color-scheme:dark) {
  .c1 {
    background-color: #1e1e1e;
  }
}

@media (prefers-color-scheme:dark) {

}

@media (prefers-color-scheme:dark) {

}

@media (min-width:32.25rem) {
  .c3 {
    -webkit-flex-direction: row;
    -ms-flex-direction: row;
    flex-direction: row;
    -webkit-flex-wrap: wrap;
    -ms-flex-wrap: wrap;
    flex-wrap: wrap;
  }
}

@media (min-width:32.25rem) {
  .c5 {
    min-width: 10rem;
    text-align: unset;
  }
}

@media (prefers-color-scheme:dark) {

}

@media (prefers-color-scheme:dark) {

}

<div>
  <div
    class="c0"
  >
    <div
      class="c1"
    />
    <div
      class="c2"
    >
      <div
        aria-hidden="true"
        class="c3"
      >
        <div
          class="c4 date container"
        />
        <div
          class="c5"
        >
          <h1
            class="c6"
          />
        </div>
      </div>
    </div>
  </div>
</div>
`;

exports[`<NavigationItem /> Should render with nextified href 1`] = `
.c0 {
  position: relative;
  width: 100%;
  height: 100%;
  border-radius: 0.35rem;
  overflow: hidden;
}

.c1 {
  position: absolute;
  top: 0;
  left: 0;
  z-index: -1;
  width: calc(100% + 2rem);
  height: calc(100% + 2rem);
  margin-top: -1rem;
  margin-left: -1rem;
  background-color: white;
  background-position: center;
  background-size: cover;
}

.c2 {
  padding: 2rem;
}

.c3 {
  display: -webkit-box;
  display: -webkit-flex;
  display: -ms-flexbox;
  display: flex;
  width: 100%;
  height: 100%;
  -webkit-flex-direction: column;
  -ms-flex-direction: column;
  flex-direction: column;
  -webkit-align-items: center;
  -webkit-box-align: center;
  -ms-flex-align: center;
  align-items: center;
  box-sizing: border-box;
}

.c4 {
  position: relative;
  z-index: 3;
  border-radius: 0.35rem;
  overflow: hidden;
  box-sizing: border-box;
  width: 6.5rem;
  -webkit-align-items: center;
  -webkit-box-align: center;
  -ms-flex-align: center;
  align-items: center;
  text-align: center;
}

.c5 {
  display: -webkit-box;
  display: -webkit-flex;
  display: -ms-flexbox;
  display: flex;
  z-index: 3;
  min-width: 100%;
  -webkit-flex-direction: column;
  -ms-flex-direction: column;
  flex-direction: column;
  -webkit-box-pack: space-around;
  -webkit-justify-content: space-around;
  -ms-flex-pack: space-around;
  justify-content: space-around;
  -webkit-flex: 1;
  -ms-flex: 1;
  flex: 1;
  text-align: center;
}

.c6 {
  margin: 0;
  font-size: 2.2rem;
  font-weight: bold;
}

@media (prefers-color-scheme:dark) {
  .c1 {
    background-color: #1e1e1e;
  }
}

@media (prefers-color-scheme:dark) {

}

@media (prefers-color-scheme:dark) {

}

@media (min-width:32.25rem) {
  .c3 {
    -webkit-flex-direction: row;
    -ms-flex-direction: row;
    flex-direction: row;
    -webkit-flex-wrap: wrap;
    -ms-flex-wrap: wrap;
    flex-wrap: wrap;
  }
}

@media (min-width:32.25rem) {
  .c5 {
    min-width: 10rem;
    text-align: unset;
  }
}

@media (prefers-color-scheme:dark) {

}

@media (prefers-color-scheme:dark) {

}

<div>
  <div
    class="c0"
  >
    <div
      class="c1"
    />
    <div
      class="c2"
    >
      <div
        aria-hidden="true"
        class="c3"
      >
        <div
          class="c4 date container"
        />
        <div
          class="c5"
        >
          <h1
            class="c6"
          />
        </div>
      </div>
    </div>
  </div>
</div>
`;
