// Jest Snapshot v1, https://goo.gl/fbAQLP

exports[`<Layout /> Should render correctly 1`] = `
<div>
  <main
    class="flex-layoutstyles__StyledMainWrapper-sc-18pl5kb-0 bvXxXW"
    id="main"
  >
    <div>
      some text
    </div>
  </main>
</div>
`;
