// Jest Snapshot v1, https://goo.gl/fbAQLP

exports[`<NotFound /> should render correctly 1`] = `
<div>
  <main
    class="not-found__container"
  >
    <div
      class="typography__main not-found__container"
    >
      <h1
        class="typography__text typography__text--section page-title__section"
        id="oops."
      >
        Oops.
      </h1>
      <div
        class="typography__main"
      >
        <span
          class="typography__main typography__paragraph"
        >
          The page you're looking for doesn't exist, or you don't have permission to view it.
          <br />
          Maybe the 
          <a
            class="typography__main typography__link typography__link--text-link typography--no-padding typography--inline"
            href="/site-map"
          >
            sitemap
          </a>
           can help
        </span>
      </div>
    </div>
  </main>
</div>
`;
