// Jest Snapshot v1, https://goo.gl/fbAQLP

exports[`<Login /> should render correctly - index 1`] = `
.c1 {
  position: relative;
  width: 100%;
  border-radius: 0.25rem;
  background-color: rgb(238,238,238);
  overflow: hidden;
  width: 8rem;
  height: 2.2rem;
  margin-top: 3.34rem;
}

.c3 {
  position: relative;
  width: 100%;
  border-radius: 0.25rem;
  background-color: rgb(238,238,238);
  overflow: hidden;
  width: 100%;
  height: 1.8rem;
  margin-bottom: 1.2rem;
}

.c4 {
  position: relative;
  width: 100%;
  border-radius: 0.25rem;
  background-color: rgb(238,238,238);
  overflow: hidden;
  width: 10rem;
  height: 1.8rem;
  margin-bottom: 1.2rem;
}

.c5 {
  position: relative;
  width: 100%;
  border-radius: 0.25rem;
  background-color: rgb(238,238,238);
  overflow: hidden;
  width: 12rem;
  height: 2.6rem;
  margin-bottom: 1.2rem;
  border-radius: 0.25rem;
  overflow: hidden;
}

.c2 {
  position: absolute;
  top: 0;
  width: 13rem;
  height: 100vh;
  background-image: linear-gradient( 90deg, rgb(238,238,238), rgb(245,245,245), rgb(238,238,238) );
  background-repeat: no-repeat;
  background-size: 12.5rem 100%;
  -webkit-animation: sjjMW 3.5s ease-in-out infinite;
  animation: sjjMW 3.5s ease-in-out infinite;
}

.c0 {
  display: block;
  width: 100%;
  margin-right: auto;
  margin-left: auto;
  overflow: hidden;
  max-width: 60rem;
  padding-right: 1rem;
  padding-left: 1rem;
}

@media (prefers-color-scheme:dark) {
  .c1 {
    background-color: rgb(17,17,17);
  }
}

@media (prefers-color-scheme:dark) {
  .c3 {
    background-color: rgb(17,17,17);
  }
}

@media (prefers-color-scheme:dark) {
  .c4 {
    background-color: rgb(17,17,17);
  }
}

@media (prefers-color-scheme:dark) {
  .c5 {
    background-color: rgb(17,17,17);
  }
}

@media (prefers-color-scheme:dark) {
  .c2 {
    background-image: linear-gradient( 90deg, rgb(17,17,17), rgb(50,50,50), rgb(17,17,17) );
  }
}

@media (min-width:50.25rem) {
  .c0 {
    padding-right: 2rem;
    padding-left: 2rem;
  }
}

<div>
  <div
    aria-label="Loading"
    class="c0 page-containerstyles__StyledPageContainer-sc-19l7k4-0"
    width="default"
  >
    <div
      class="c1"
    >
      <div
        class="c2"
        style="margin-left: -0px;"
      />
    </div>
    <div
      class="c3"
      style="margin-top: 1.2rem;"
    >
      <div
        class="c2"
        style="margin-left: -0px;"
      />
    </div>
    <div
      class="c4"
    >
      <div
        class="c2"
        style="margin-left: -0px;"
      />
    </div>
    <div
      class="c5"
    >
      <div
        class="c2"
        style="margin-left: -0px;"
      />
    </div>
  </div>
</div>
`;

exports[`<Login /> should render correctly with initial state 1`] = `
.c1 {
  position: relative;
  width: 100%;
  border-radius: 0.25rem;
  background-color: rgb(238,238,238);
  overflow: hidden;
  width: 8rem;
  height: 2.2rem;
  margin-top: 3.34rem;
}

.c3 {
  position: relative;
  width: 100%;
  border-radius: 0.25rem;
  background-color: rgb(238,238,238);
  overflow: hidden;
  width: 100%;
  height: 1.8rem;
  margin-bottom: 1.2rem;
}

.c4 {
  position: relative;
  width: 100%;
  border-radius: 0.25rem;
  background-color: rgb(238,238,238);
  overflow: hidden;
  width: 10rem;
  height: 1.8rem;
  margin-bottom: 1.2rem;
}

.c5 {
  position: relative;
  width: 100%;
  border-radius: 0.25rem;
  background-color: rgb(238,238,238);
  overflow: hidden;
  width: 12rem;
  height: 2.6rem;
  margin-bottom: 1.2rem;
  border-radius: 0.25rem;
  overflow: hidden;
}

.c2 {
  position: absolute;
  top: 0;
  width: 13rem;
  height: 100vh;
  background-image: linear-gradient( 90deg, rgb(238,238,238), rgb(245,245,245), rgb(238,238,238) );
  background-repeat: no-repeat;
  background-size: 12.5rem 100%;
  -webkit-animation: sjjMW 3.5s ease-in-out infinite;
  animation: sjjMW 3.5s ease-in-out infinite;
}

.c0 {
  display: block;
  width: 100%;
  margin-right: auto;
  margin-left: auto;
  overflow: hidden;
  max-width: 60rem;
  padding-right: 1rem;
  padding-left: 1rem;
}

@media (prefers-color-scheme:dark) {
  .c1 {
    background-color: rgb(17,17,17);
  }
}

@media (prefers-color-scheme:dark) {
  .c3 {
    background-color: rgb(17,17,17);
  }
}

@media (prefers-color-scheme:dark) {
  .c4 {
    background-color: rgb(17,17,17);
  }
}

@media (prefers-color-scheme:dark) {
  .c5 {
    background-color: rgb(17,17,17);
  }
}

@media (prefers-color-scheme:dark) {
  .c2 {
    background-image: linear-gradient( 90deg, rgb(17,17,17), rgb(50,50,50), rgb(17,17,17) );
  }
}

@media (min-width:50.25rem) {
  .c0 {
    padding-right: 2rem;
    padding-left: 2rem;
  }
}

<div>
  <div
    aria-label="Loading"
    class="c0 page-containerstyles__StyledPageContainer-sc-19l7k4-0"
    width="default"
  >
    <div
      class="c1"
    >
      <div
        class="c2"
        style="margin-left: -0px;"
      />
    </div>
    <div
      class="c3"
      style="margin-top: 1.2rem;"
    >
      <div
        class="c2"
        style="margin-left: -0px;"
      />
    </div>
    <div
      class="c4"
    >
      <div
        class="c2"
        style="margin-left: -0px;"
      />
    </div>
    <div
      class="c5"
    >
      <div
        class="c2"
        style="margin-left: -0px;"
      />
    </div>
  </div>
</div>
`;

exports[`<Login /> should render correctly with loggingIn=true 1`] = `
.c1 {
  position: relative;
  width: 100%;
  border-radius: 0.25rem;
  background-color: rgb(238,238,238);
  overflow: hidden;
  width: 8rem;
  height: 2.2rem;
  margin-top: 3.34rem;
}

.c3 {
  position: relative;
  width: 100%;
  border-radius: 0.25rem;
  background-color: rgb(238,238,238);
  overflow: hidden;
  width: 100%;
  height: 1.8rem;
  margin-bottom: 1.2rem;
}

.c4 {
  position: relative;
  width: 100%;
  border-radius: 0.25rem;
  background-color: rgb(238,238,238);
  overflow: hidden;
  width: 10rem;
  height: 1.8rem;
  margin-bottom: 1.2rem;
}

.c5 {
  position: relative;
  width: 100%;
  border-radius: 0.25rem;
  background-color: rgb(238,238,238);
  overflow: hidden;
  width: 12rem;
  height: 2.6rem;
  margin-bottom: 1.2rem;
  border-radius: 0.25rem;
  overflow: hidden;
}

.c2 {
  position: absolute;
  top: 0;
  width: 13rem;
  height: 100vh;
  background-image: linear-gradient( 90deg, rgb(238,238,238), rgb(245,245,245), rgb(238,238,238) );
  background-repeat: no-repeat;
  background-size: 12.5rem 100%;
  -webkit-animation: sjjMW 3.5s ease-in-out infinite;
  animation: sjjMW 3.5s ease-in-out infinite;
}

.c0 {
  display: block;
  width: 100%;
  margin-right: auto;
  margin-left: auto;
  overflow: hidden;
  max-width: 60rem;
  padding-right: 1rem;
  padding-left: 1rem;
}

@media (prefers-color-scheme:dark) {
  .c1 {
    background-color: rgb(17,17,17);
  }
}

@media (prefers-color-scheme:dark) {
  .c3 {
    background-color: rgb(17,17,17);
  }
}

@media (prefers-color-scheme:dark) {
  .c4 {
    background-color: rgb(17,17,17);
  }
}

@media (prefers-color-scheme:dark) {
  .c5 {
    background-color: rgb(17,17,17);
  }
}

@media (prefers-color-scheme:dark) {
  .c2 {
    background-image: linear-gradient( 90deg, rgb(17,17,17), rgb(50,50,50), rgb(17,17,17) );
  }
}

@media (min-width:50.25rem) {
  .c0 {
    padding-right: 2rem;
    padding-left: 2rem;
  }
}

<div>
  <div
    aria-label="Loading"
    class="c0 page-containerstyles__StyledPageContainer-sc-19l7k4-0"
    width="default"
  >
    <div
      class="c1"
    >
      <div
        class="c2"
        style="margin-left: -0px;"
      />
    </div>
    <div
      class="c3"
      style="margin-top: 1.2rem;"
    >
      <div
        class="c2"
        style="margin-left: -0px;"
      />
    </div>
    <div
      class="c4"
    >
      <div
        class="c2"
        style="margin-left: -0px;"
      />
    </div>
    <div
      class="c5"
    >
      <div
        class="c2"
        style="margin-left: -0px;"
      />
    </div>
  </div>
</div>
`;

exports[`<Login /> should render correctly with loginError 1`] = `
.c1 {
  position: relative;
  width: 100%;
  border-radius: 0.25rem;
  background-color: rgb(238,238,238);
  overflow: hidden;
  width: 8rem;
  height: 2.2rem;
  margin-top: 3.34rem;
}

.c3 {
  position: relative;
  width: 100%;
  border-radius: 0.25rem;
  background-color: rgb(238,238,238);
  overflow: hidden;
  width: 100%;
  height: 1.8rem;
  margin-bottom: 1.2rem;
}

.c4 {
  position: relative;
  width: 100%;
  border-radius: 0.25rem;
  background-color: rgb(238,238,238);
  overflow: hidden;
  width: 10rem;
  height: 1.8rem;
  margin-bottom: 1.2rem;
}

.c5 {
  position: relative;
  width: 100%;
  border-radius: 0.25rem;
  background-color: rgb(238,238,238);
  overflow: hidden;
  width: 12rem;
  height: 2.6rem;
  margin-bottom: 1.2rem;
  border-radius: 0.25rem;
  overflow: hidden;
}

.c2 {
  position: absolute;
  top: 0;
  width: 13rem;
  height: 100vh;
  background-image: linear-gradient( 90deg, rgb(238,238,238), rgb(245,245,245), rgb(238,238,238) );
  background-repeat: no-repeat;
  background-size: 12.5rem 100%;
  -webkit-animation: sjjMW 3.5s ease-in-out infinite;
  animation: sjjMW 3.5s ease-in-out infinite;
}

.c0 {
  display: block;
  width: 100%;
  margin-right: auto;
  margin-left: auto;
  overflow: hidden;
  max-width: 60rem;
  padding-right: 1rem;
  padding-left: 1rem;
}

@media (prefers-color-scheme:dark) {
  .c1 {
    background-color: rgb(17,17,17);
  }
}

@media (prefers-color-scheme:dark) {
  .c3 {
    background-color: rgb(17,17,17);
  }
}

@media (prefers-color-scheme:dark) {
  .c4 {
    background-color: rgb(17,17,17);
  }
}

@media (prefers-color-scheme:dark) {
  .c5 {
    background-color: rgb(17,17,17);
  }
}

@media (prefers-color-scheme:dark) {
  .c2 {
    background-image: linear-gradient( 90deg, rgb(17,17,17), rgb(50,50,50), rgb(17,17,17) );
  }
}

@media (min-width:50.25rem) {
  .c0 {
    padding-right: 2rem;
    padding-left: 2rem;
  }
}

<div>
  <div
    aria-label="Loading"
    class="c0 page-containerstyles__StyledPageContainer-sc-19l7k4-0"
    width="default"
  >
    <div
      class="c1"
    >
      <div
        class="c2"
        style="margin-left: -0px;"
      />
    </div>
    <div
      class="c3"
      style="margin-top: 1.2rem;"
    >
      <div
        class="c2"
        style="margin-left: -0px;"
      />
    </div>
    <div
      class="c4"
    >
      <div
        class="c2"
        style="margin-left: -0px;"
      />
    </div>
    <div
      class="c5"
    >
      <div
        class="c2"
        style="margin-left: -0px;"
      />
    </div>
  </div>
</div>
`;

exports[`<Login /> should render correctly with loginResult 1`] = `
.c1 {
  position: relative;
  width: 100%;
  border-radius: 0.25rem;
  background-color: rgb(238,238,238);
  overflow: hidden;
  width: 8rem;
  height: 2.2rem;
  margin-top: 3.34rem;
}

.c3 {
  position: relative;
  width: 100%;
  border-radius: 0.25rem;
  background-color: rgb(238,238,238);
  overflow: hidden;
  width: 100%;
  height: 1.8rem;
  margin-bottom: 1.2rem;
}

.c4 {
  position: relative;
  width: 100%;
  border-radius: 0.25rem;
  background-color: rgb(238,238,238);
  overflow: hidden;
  width: 10rem;
  height: 1.8rem;
  margin-bottom: 1.2rem;
}

.c5 {
  position: relative;
  width: 100%;
  border-radius: 0.25rem;
  background-color: rgb(238,238,238);
  overflow: hidden;
  width: 12rem;
  height: 2.6rem;
  margin-bottom: 1.2rem;
  border-radius: 0.25rem;
  overflow: hidden;
}

.c2 {
  position: absolute;
  top: 0;
  width: 13rem;
  height: 100vh;
  background-image: linear-gradient( 90deg, rgb(238,238,238), rgb(245,245,245), rgb(238,238,238) );
  background-repeat: no-repeat;
  background-size: 12.5rem 100%;
  -webkit-animation: sjjMW 3.5s ease-in-out infinite;
  animation: sjjMW 3.5s ease-in-out infinite;
}

.c0 {
  display: block;
  width: 100%;
  margin-right: auto;
  margin-left: auto;
  overflow: hidden;
  max-width: 60rem;
  padding-right: 1rem;
  padding-left: 1rem;
}

@media (prefers-color-scheme:dark) {
  .c1 {
    background-color: rgb(17,17,17);
  }
}

@media (prefers-color-scheme:dark) {
  .c3 {
    background-color: rgb(17,17,17);
  }
}

@media (prefers-color-scheme:dark) {
  .c4 {
    background-color: rgb(17,17,17);
  }
}

@media (prefers-color-scheme:dark) {
  .c5 {
    background-color: rgb(17,17,17);
  }
}

@media (prefers-color-scheme:dark) {
  .c2 {
    background-image: linear-gradient( 90deg, rgb(17,17,17), rgb(50,50,50), rgb(17,17,17) );
  }
}

@media (min-width:50.25rem) {
  .c0 {
    padding-right: 2rem;
    padding-left: 2rem;
  }
}

<div>
  <div
    aria-label="Loading"
    class="c0 page-containerstyles__StyledPageContainer-sc-19l7k4-0"
    width="default"
  >
    <div
      class="c1"
    >
      <div
        class="c2"
        style="margin-left: -0px;"
      />
    </div>
    <div
      class="c3"
      style="margin-top: 1.2rem;"
    >
      <div
        class="c2"
        style="margin-left: -0px;"
      />
    </div>
    <div
      class="c4"
    >
      <div
        class="c2"
        style="margin-left: -0px;"
      />
    </div>
    <div
      class="c5"
    >
      <div
        class="c2"
        style="margin-left: -0px;"
      />
    </div>
  </div>
</div>
`;

exports[`<Login /> should render correctly with user 1`] = `
.c5 {
  display: inline-block;
  border-radius: 0.25rem;
  font-weight: bold;
  -webkit-text-decoration: none;
  text-decoration: none;
  position: relative;
  color: darkorchid;
  fill: darkorchid;
}

.c5:focus-within,
.c5:focus {
  position: relative;
  outline: none !important;
}

.c5:focus-within::after,
.c5:focus::after {
  position: absolute;
  top: -0.35rem;
  right: -0.35rem;
  bottom: -0.35rem;
  left: -0.35rem;
  content: '';
  display: block;
  border: solid rgba(0,125,250,0.6) 0.2rem;
  border-radius: 0.5rem;
  pointer-events: none;
}

.c5:hover {
  color: #44aeff;
  fill: #44aeff;
}

.c2 {
  margin: 0;
  font-size: 2.2rem;
  font-weight: bold;
}

.c6 {
  margin: 0;
}

.c1 {
  width: 100%;
  color: #1e1e1e;
  -webkit-text-decoration: none;
  text-decoration: none;
}

.c3 {
  margin: 3.34rem 0 0 0;
}

.c0 {
  display: block;
  width: 100%;
  margin-right: auto;
  margin-left: auto;
  overflow: hidden;
  padding-bottom: 2rem;
  max-width: 60rem;
  padding-right: 1rem;
  padding-left: 1rem;
}

.c4 {
  display: inline-block;
  margin-bottom: 0;
  padding-bottom: 0;
  line-height: 1.5;
  margin-top: 2rem;
}

.c4:first-of-type {
  margin-top: 0.86rem;
}

@media (prefers-color-scheme:dark) {
  .c5:focus-within::after,
  .c5:focus::after {
    border-color: rgba(0,125,250,0.6);
  }
}

@media (prefers-color-scheme:dark) {
  .c5 {
    color: orchid;
    fill: orchid;
  }

  .c5:hover {
    color: #44aeff;
    fill: #44aeff;
  }
}

@media (prefers-color-scheme:dark) {
  .c1 {
    color: white;
  }
}

@media (min-width:50.25rem) {
  .c0 {
    padding-right: 2rem;
    padding-left: 2rem;
  }
}

<div>
  <div
    class="c0 page-containerstyles__StyledPageContainer-sc-19l7k4-0"
    width="default"
  >
    <div
      class="c1"
    >
      <h1
        class="c2 c3"
        id="you're-logged-in"
      >
        You're logged in
      </h1>
      <span
        class="c4"
      >
        <a
          class="c5"
          href="/account"
        >
          <span
            class="c6"
          >
            Go to your account.
          </span>
        </a>
      </span>
    </div>
  </div>
</div>
`;
